// Jest Snapshot v1, https://goo.gl/fbAQLP

exports[`Header component should render children element correctly 1`] = `
<div>
  <header
    class="sc-aYaIB jFxYKq"
  >
    <h1>
      Caju Front Teste
    </h1>
  </header>
</div>
`;
