// Jest Snapshot v1, https://goo.gl/fbAQLP

exports[`ConfirmationModal should be render snapshot 1`] = `<div />`;
