// Jest Snapshot v1, https://goo.gl/fbAQLP

exports[`RegistrationCard Component should render Review button when registration is in REPROVED status 1`] = `
<div>
  <div
    class="sc-imWZod liahti"
  >
    <div
      class="sc-kpDprT jplfHT"
    >
      <svg
        aria-hidden="true"
        fill="none"
        height="1em"
        stroke="currentColor"
        stroke-width="2"
        viewBox="0 0 24 24"
        width="1em"
        xmlns="http://www.w3.org/2000/svg"
      >
        <path
          d="M16 7a4 4 0 11-8 0 4 4 0 018 0zM12 14a7 7 0 00-7 7h14a7 7 0 00-7-7z"
          stroke-linecap="round"
          stroke-linejoin="round"
        />
      </svg>
      <h3
        class="sc-jXbVAB bkqFXX"
      >
        John Doe
      </h3>
    </div>
    <div
      class="sc-kpDprT jplfHT"
    >
      <svg
        aria-hidden="true"
        fill="none"
        height="1em"
        stroke="currentColor"
        stroke-width="2"
        viewBox="0 0 24 24"
        width="1em"
        xmlns="http://www.w3.org/2000/svg"
      >
        <path
          d="M3 8l7.89 5.26a2 2 0 002.22 0L21 8M5 19h14a2 2 0 002-2V7a2 2 0 00-2-2H5a2 2 0 00-2 2v10a2 2 0 002 2z"
          stroke-linecap="round"
          stroke-linejoin="round"
        />
      </svg>
      <p
        class="sc-dhKdPU inPPyg"
      >
        john@example.com
      </p>
    </div>
    <div
      class="sc-kpDprT jplfHT"
    >
      <svg
        aria-hidden="true"
        fill="none"
        height="1em"
        stroke="currentColor"
        stroke-width="2"
        viewBox="0 0 24 24"
        width="1em"
        xmlns="http://www.w3.org/2000/svg"
      >
        <path
          d="M8 7V3m8 4V3m-9 8h10M5 21h14a2 2 0 002-2V7a2 2 0 00-2-2H5a2 2 0 00-2 2v12a2 2 0 002 2z"
          stroke-linecap="round"
          stroke-linejoin="round"
        />
      </svg>
      <p
        class="sc-dhKdPU inPPyg"
      >
        01/01/2022
      </p>
    </div>
    <div
      class="sc-kpDprT jplfHT"
    >
      <svg
        aria-hidden="true"
        fill="currentColor"
        height="1em"
        stroke="currentColor"
        stroke-width="0"
        viewBox="0 0 20 20"
        width="1em"
        xmlns="http://www.w3.org/2000/svg"
      >
        <path
          clip-rule="evenodd"
          d="M4 4a2 2 0 012-2h4.586A2 2 0 0112 2.586L15.414 6A2 2 0 0116 7.414V16a2 2 0 01-2 2H6a2 2 0 01-2-2V4zm2 6a1 1 0 011-1h6a1 1 0 110 2H7a1 1 0 01-1-1zm1 3a1 1 0 100 2h6a1 1 0 100-2H7z"
          fill-rule="evenodd"
        />
      </svg>
      <p
        class="sc-dhKdPU inPPyg"
      >
        56642105087
      </p>
    </div>
    <div
      class="sc-dAlxHm evHRGf"
    >
      <button
        bgcolor="#ff8858"
        class="sc-aYaIB eYtHmf"
        role="button"
      >
        Revisar novamente
      </button>
      <button
        bgcolor="#fc2a2a"
        class="sc-aYaIB eQVzbP"
        role="button"
      >
        Apagar
        <svg
          aria-hidden="true"
          fill="currentColor"
          height="1em"
          stroke="currentColor"
          stroke-width="0"
          viewBox="0 0 20 20"
          width="1em"
          xmlns="http://www.w3.org/2000/svg"
        >
          <path
            clip-rule="evenodd"
            d="M9 2a1 1 0 00-.894.553L7.382 4H4a1 1 0 000 2v10a2 2 0 002 2h8a2 2 0 002-2V6a1 1 0 100-2h-3.382l-.724-1.447A1 1 0 0011 2H9zM7 8a1 1 0 012 0v6a1 1 0 11-2 0V8zm5-1a1 1 0 00-1 1v6a1 1 0 102 0V8a1 1 0 00-1-1z"
            fill-rule="evenodd"
          />
        </svg>
      </button>
    </div>
  </div>
</div>
`;
